// Jest Snapshot v1, https://goo.gl/fbAQLP

exports[`should add .gitignore 1`] = `
Object {
  "/.gitignore": "node_modules/
.DS_Store
Thumbs.db
.idea/
.vscode/
*.sublime-project
*.sublime-workspace
*.log
.eslintcache",
}
`;
