// Jest Snapshot v1, https://goo.gl/fbAQLP

exports[`should add a readme 1`] = `
Object {
  "/package.json": "{
  \\"name\\": \\"unicorn\\",
  \\"scripts\\": {
    \\"styleguide\\": \\"styleguidist server\\",
    \\"styleguide:build\\": \\"styleguidist build\\",
    \\"start\\": \\"styleguidist server\\"
  }
}",
  "/styleguide.config.js": "module.exports = {
	components: 'src/components/**/[A-Z]*.js',
};
",
}
`;
